// Jest Snapshot v1, https://goo.gl/fbAQLP

exports[`SpellCheck provider #buildReasonString returns the expected string with zero possible corrections 1`] = `
Array [
  Object {
    "line": 1,
    "reason": "\\"iam\\" is misspelled. ",
  },
  Object {
    "line": 1,
    "reason": "\\"wurd\\" is misspelled. ",
  },
]
`;
