// Jest Snapshot v1, https://goo.gl/fbAQLP

exports[`SpellCheck provider #buildResults returns the expected result 1`] = `
Map {
  "filename.md" => Array [
    Object {
      "line": 1,
      "reason": "iam is misspelled. How about: ima, aim, ham, cam, dam, fam",
    },
    Object {
      "line": 1,
      "reason": "wurd is misspelled. How about: word, wud, ward, curd, surd, nurd",
    },
  ],
  "anotherfile.md" => Array [
    Object {
      "line": 1,
      "reason": "Tenis is misspelled. How about: Ten-is, Tennis, Denis, Tents, Tends, Tens",
    },
    Object {
      "line": 1,
      "reason": "sporq is misspelled. How about: sport, spore, spoor, spoors, spork",
    },
  ],
}
`;
